// Jest Snapshot v1, https://goo.gl/fbAQLP

exports[`prueba <GifGridItem /> debe mostar el componente <GifGridItem /> correctamente 1`] = `
<div
  className="card animate__animated animate__fadeIn"
>
  <img
    alt="Un título"
    src="https://localhost/algo.jpg"
  />
  <p>
     
    Un título
     
  </p>
</div>
`;
